{"interaction_profile":"google_daydream_controller","bindings":{"main":{"sources":[{"inputs":{"click":{"output":"8"}},"path":"/hand/left/input/select"},{"inputs":{"x":{"output":"9"}},"path":"/hand/left/input/trackpad"},{"inputs":{"y":{"output":"10"}},"path":"/hand/left/input/trackpad"},{"inputs":{"click":{"output":"11"}},"path":"/hand/left/input/trackpad"},{"inputs":{"touch":{"output":"12"}},"path":"/hand/left/input/trackpad"},{"inputs":{"pose":{"output":"13"}},"path":"/hand/left/input/grip"},{"inputs":{"pose":{"output":"14"}},"path":"/hand/left/input/aim"},{"inputs":{"click":{"output":"15"}},"path":"/hand/right/input/select"},{"inputs":{"x":{"output":"16"}},"path":"/hand/right/input/trackpad"},{"inputs":{"y":{"output":"17"}},"path":"/hand/right/input/trackpad"},{"inputs":{"click":{"output":"18"}},"path":"/hand/right/input/trackpad"},{"inputs":{"touch":{"output":"19"}},"path":"/hand/right/input/trackpad"},{"inputs":{"pose":{"output":"20"}},"path":"/hand/right/input/grip"},{"inputs":{"pose":{"output":"21"}},"path":"/hand/right/input/aim"}]}}}