{"interaction_profile":"htc_vive_controller","bindings":{"main":{"sources":[{"inputs":{"click":{"output":"22"}},"path":"/hand/left/input/system"},{"inputs":{"click":{"output":"23"}},"path":"/hand/left/input/squeeze"},{"inputs":{"click":{"output":"24"}},"path":"/hand/left/input/menu"},{"inputs":{"click":{"output":"25"}},"path":"/hand/left/input/trigger"},{"inputs":{"value":{"output":"26"}},"path":"/hand/left/input/trigger"},{"inputs":{"x":{"output":"27"}},"path":"/hand/left/input/trackpad"},{"inputs":{"y":{"output":"28"}},"path":"/hand/left/input/trackpad"},{"inputs":{"click":{"output":"29"}},"path":"/hand/left/input/trackpad"},{"inputs":{"touch":{"output":"30"}},"path":"/hand/left/input/trackpad"},{"inputs":{"pose":{"output":"31"}},"path":"/hand/left/input/grip"},{"inputs":{"pose":{"output":"32"}},"path":"/hand/left/input/aim"},{"inputs":{"click":{"output":"33"}},"path":"/hand/right/input/system"},{"inputs":{"click":{"output":"34"}},"path":"/hand/right/input/squeeze"},{"inputs":{"click":{"output":"35"}},"path":"/hand/right/input/menu"},{"inputs":{"click":{"output":"36"}},"path":"/hand/right/input/trigger"},{"inputs":{"value":{"output":"37"}},"path":"/hand/right/input/trigger"},{"inputs":{"x":{"output":"38"}},"path":"/hand/right/input/trackpad"},{"inputs":{"y":{"output":"39"}},"path":"/hand/right/input/trackpad"},{"inputs":{"click":{"output":"40"}},"path":"/hand/right/input/trackpad"},{"inputs":{"touch":{"output":"41"}},"path":"/hand/right/input/trackpad"},{"inputs":{"pose":{"output":"42"}},"path":"/hand/right/input/grip"},{"inputs":{"pose":{"output":"43"}},"path":"/hand/right/input/aim"}]}}}