{"default_bindings":[{"binding_url":"khr_simple_controller.json","controller_type":"khr_simple_controller"},{"binding_url":"google_daydream_controller.json","controller_type":"google_daydream_controller"},{"binding_url":"htc_vive_controller.json","controller_type":"htc_vive_controller"},{"binding_url":"htc_vive_pro.json","controller_type":"htc_vive_pro"},{"binding_url":"microsoft_motion_controller.json","controller_type":"microsoft_motion_controller"},{"binding_url":"microsoft_xbox_controller.json","controller_type":"microsoft_xbox_controller"},{"binding_url":"oculus_go_controller.json","controller_type":"oculus_go_controller"},{"binding_url":"oculus_touch_controller.json","controller_type":"oculus_touch_controller"},{"binding_url":"valve_index_controller.json","controller_type":"valve_index_controller"}],"actions":[{"name":"0","type":"boolean"},{"name":"1","type":"boolean"},{"name":"2","type":"pose"},{"name":"3","type":"pose"},{"name":"4","type":"boolean"},{"name":"5","type":"boolean"},{"name":"6","type":"pose"},{"name":"7","type":"pose"},{"name":"8","type":"boolean"},{"name":"9","type":"vector1"},{"name":"10","type":"vector1"},{"name":"11","type":"boolean"},{"name":"12","type":"boolean"},{"name":"13","type":"pose"},{"name":"14","type":"pose"},{"name":"15","type":"boolean"},{"name":"16","type":"vector1"},{"name":"17","type":"vector1"},{"name":"18","type":"boolean"},{"name":"19","type":"boolean"},{"name":"20","type":"pose"},{"name":"21","type":"pose"},{"name":"22","type":"boolean"},{"name":"23","type":"boolean"},{"name":"24","type":"boolean"},{"name":"25","type":"boolean"},{"name":"26","type":"vector1"},{"name":"27","type":"vector1"},{"name":"28","type":"vector1"},{"name":"29","type":"boolean"},{"name":"30","type":"boolean"},{"name":"31","type":"pose"},{"name":"32","type":"pose"},{"name":"33","type":"boolean"},{"name":"34","type":"boolean"},{"name":"35","type":"boolean"},{"name":"36","type":"boolean"},{"name":"37","type":"vector1"},{"name":"38","type":"vector1"},{"name":"39","type":"vector1"},{"name":"40","type":"boolean"},{"name":"41","type":"boolean"},{"name":"42","type":"pose"},{"name":"43","type":"pose"},{"name":"44","type":"boolean"},{"name":"45","type":"boolean"},{"name":"46","type":"boolean"},{"name":"47","type":"boolean"},{"name":"48","type":"boolean"},{"name":"49","type":"boolean"},{"name":"50","type":"vector1"},{"name":"51","type":"vector1"},{"name":"52","type":"vector1"},{"name":"53","type":"boolean"},{"name":"54","type":"vector1"},{"name":"55","type":"vector1"},{"name":"56","type":"boolean"},{"name":"57","type":"boolean"},{"name":"58","type":"pose"},{"name":"59","type":"pose"},{"name":"60","type":"boolean"},{"name":"61","type":"boolean"},{"name":"62","type":"vector1"},{"name":"63","type":"vector1"},{"name":"64","type":"vector1"},{"name":"65","type":"boolean"},{"name":"66","type":"vector1"},{"name":"67","type":"vector1"},{"name":"68","type":"boolean"},{"name":"69","type":"boolean"},{"name":"70","type":"pose"},{"name":"71","type":"pose"},{"name":"72","type":"boolean"},{"name":"73","type":"boolean"},{"name":"74","type":"boolean"},{"name":"75","type":"boolean"},{"name":"76","type":"boolean"},{"name":"77","type":"boolean"},{"name":"78","type":"boolean"},{"name":"79","type":"boolean"},{"name":"80","type":"boolean"},{"name":"81","type":"boolean"},{"name":"82","type":"boolean"},{"name":"83","type":"boolean"},{"name":"84","type":"boolean"},{"name":"85","type":"boolean"},{"name":"86","type":"vector1"},{"name":"87","type":"vector1"},{"name":"88","type":"vector1"},{"name":"89","type":"vector1"},{"name":"90","type":"vector1"},{"name":"91","type":"vector1"},{"name":"92","type":"boolean"},{"name":"93","type":"boolean"},{"name":"94","type":"boolean"},{"name":"95","type":"boolean"},{"name":"96","type":"boolean"},{"name":"97","type":"vector1"},{"name":"98","type":"vector1"},{"name":"99","type":"boolean"},{"name":"100","type":"boolean"},{"name":"101","type":"pose"},{"name":"102","type":"pose"},{"name":"103","type":"boolean"},{"name":"104","type":"boolean"},{"name":"105","type":"boolean"},{"name":"106","type":"vector1"},{"name":"107","type":"vector1"},{"name":"108","type":"boolean"},{"name":"109","type":"boolean"},{"name":"110","type":"pose"},{"name":"111","type":"pose"},{"name":"112","type":"boolean"},{"name":"113","type":"boolean"},{"name":"114","type":"boolean"},{"name":"115","type":"boolean"},{"name":"116","type":"boolean"},{"name":"117","type":"vector1"},{"name":"118","type":"vector1"},{"name":"119","type":"boolean"},{"name":"120","type":"vector1"},{"name":"121","type":"vector1"},{"name":"122","type":"boolean"},{"name":"123","type":"boolean"},{"name":"124","type":"boolean"},{"name":"125","type":"pose"},{"name":"126","type":"pose"},{"name":"127","type":"boolean"},{"name":"128","type":"boolean"},{"name":"129","type":"boolean"},{"name":"130","type":"boolean"},{"name":"131","type":"boolean"},{"name":"132","type":"vector1"},{"name":"133","type":"vector1"},{"name":"134","type":"boolean"},{"name":"135","type":"vector1"},{"name":"136","type":"vector1"},{"name":"137","type":"boolean"},{"name":"138","type":"boolean"},{"name":"139","type":"boolean"},{"name":"140","type":"pose"},{"name":"141","type":"pose"},{"name":"142","type":"boolean"},{"name":"143","type":"boolean"},{"name":"144","type":"boolean"},{"name":"145","type":"boolean"},{"name":"146","type":"boolean"},{"name":"147","type":"boolean"},{"name":"148","type":"vector1"},{"name":"149","type":"vector1"},{"name":"150","type":"boolean"},{"name":"151","type":"vector1"},{"name":"152","type":"boolean"},{"name":"153","type":"vector1"},{"name":"154","type":"vector1"},{"name":"155","type":"boolean"},{"name":"156","type":"boolean"},{"name":"157","type":"vector1"},{"name":"158","type":"vector1"},{"name":"159","type":"vector1"},{"name":"160","type":"boolean"},{"name":"161","type":"pose"},{"name":"162","type":"pose"},{"name":"163","type":"boolean"},{"name":"164","type":"boolean"},{"name":"165","type":"boolean"},{"name":"166","type":"boolean"},{"name":"167","type":"boolean"},{"name":"168","type":"boolean"},{"name":"169","type":"vector1"},{"name":"170","type":"vector1"},{"name":"171","type":"boolean"},{"name":"172","type":"vector1"},{"name":"173","type":"boolean"},{"name":"174","type":"vector1"},{"name":"175","type":"vector1"},{"name":"176","type":"boolean"},{"name":"177","type":"boolean"},{"name":"178","type":"vector1"},{"name":"179","type":"vector1"},{"name":"180","type":"vector1"},{"name":"181","type":"boolean"},{"name":"182","type":"pose"},{"name":"183","type":"pose"}],"action_sets":[{"name":"main","usage":"hidden","localizedName":"main"}]}