{"interaction_profile":"microsoft_xbox_controller","bindings":{"omniset":{"sources":[{"inputs":{"click":{"output":"72"}},"path":"/gamepad/input/menu"},{"inputs":{"click":{"output":"73"}},"path":"/gamepad/input/view"},{"inputs":{"click":{"output":"74"}},"path":"/gamepad/input/a"},{"inputs":{"click":{"output":"75"}},"path":"/gamepad/input/b"},{"inputs":{"click":{"output":"76"}},"path":"/gamepad/input/d"},{"inputs":{"click":{"output":"77"}},"path":"/gamepad/input/c"},{"inputs":{"click":{"output":"78"}},"path":"/gamepad/input/dpad_up"},{"inputs":{"click":{"output":"79"}},"path":"/gamepad/input/dpad_down"},{"inputs":{"click":{"output":"80"}},"path":"/gamepad/input/dpad_left"},{"inputs":{"click":{"output":"81"}},"path":"/gamepad/input/dpad_right"},{"inputs":{"click":{"output":"82"}},"path":"/gamepad/input/shoulder"},{"inputs":{"click":{"output":"83"}},"path":"/gamepad/input/shoulder"},{"inputs":{"click":{"output":"84"}},"path":"/gamepad/input/thumbstick"},{"inputs":{"click":{"output":"85"}},"path":"/gamepad/input/thumbstick"},{"inputs":{"value":{"output":"86"}},"path":"/gamepad/input/thumbstick"},{"inputs":{"value":{"output":"87"}},"path":"/gamepad/input/thumbstick"},{"inputs":{"x":{"output":"88"}},"path":"/gamepad/input/thumbstick"},{"inputs":{"x":{"output":"89"}},"path":"/gamepad/input/thumbstick"},{"inputs":{"y":{"output":"90"}},"path":"/gamepad/input/thumbstick"},{"inputs":{"y":{"output":"91"}},"path":"/gamepad/input/thumbstick"},{"inputs":{"click":{"output":"92"}},"path":"/gamepad/input/trigger"},{"inputs":{"click":{"output":"93"}},"path":"/gamepad/input/trigger"}]}}}