{"interaction_profile":"khr_simple_controller","bindings":{"omniset":{"sources":[{"inputs":{"click":{"output":"0"}},"path":"/hand/left/input/select"},{"inputs":{"click":{"output":"1"}},"path":"/hand/left/input/menu"},{"inputs":{"pose":{"output":"2"}},"path":"/hand/left/input/grip"},{"inputs":{"pose":{"output":"3"}},"path":"/hand/left/input/aim"},{"inputs":{"click":{"output":"4"}},"path":"/hand/right/input/select"},{"inputs":{"click":{"output":"5"}},"path":"/hand/right/input/menu"},{"inputs":{"pose":{"output":"6"}},"path":"/hand/right/input/grip"},{"inputs":{"pose":{"output":"7"}},"path":"/hand/right/input/aim"}]}}}