{"interaction_profile":"valve_index_controller","bindings":{"omniset":{"sources":[{"inputs":{"click":{"output":"142"}},"path":"/hand/left/input/system"},{"inputs":{"touch":{"output":"143"}},"path":"/hand/left/input/system"},{"inputs":{"click":{"output":"144"}},"path":"/hand/left/input/a"},{"inputs":{"touch":{"output":"145"}},"path":"/hand/left/input/a"},{"inputs":{"click":{"output":"146"}},"path":"/hand/left/input/b"},{"inputs":{"touch":{"output":"147"}},"path":"/hand/left/input/b"},{"inputs":{"value":{"output":"148"}},"path":"/hand/left/input/squeeze"},{"inputs":{"force":{"output":"149"}},"path":"/hand/left/input/squeeze"},{"inputs":{"click":{"output":"150"}},"path":"/hand/left/input/trigger"},{"inputs":{"value":{"output":"151"}},"path":"/hand/left/input/trigger"},{"inputs":{"touch":{"output":"152"}},"path":"/hand/left/input/trigger"},{"inputs":{"x":{"output":"153"}},"path":"/hand/left/input/thumbstick"},{"inputs":{"y":{"output":"154"}},"path":"/hand/left/input/thumbstick"},{"inputs":{"click":{"output":"155"}},"path":"/hand/left/input/thumbstick"},{"inputs":{"touch":{"output":"156"}},"path":"/hand/left/input/thumbstick"},{"inputs":{"x":{"output":"157"}},"path":"/hand/left/input/trackpad"},{"inputs":{"y":{"output":"158"}},"path":"/hand/left/input/trackpad"},{"inputs":{"force":{"output":"159"}},"path":"/hand/left/input/trackpad"},{"inputs":{"touch":{"output":"160"}},"path":"/hand/left/input/trackpad"},{"inputs":{"pose":{"output":"161"}},"path":"/hand/left/input/grip"},{"inputs":{"pose":{"output":"162"}},"path":"/hand/left/input/aim"},{"inputs":{"click":{"output":"163"}},"path":"/hand/right/input/system"},{"inputs":{"touch":{"output":"164"}},"path":"/hand/right/input/system"},{"inputs":{"click":{"output":"165"}},"path":"/hand/right/input/a"},{"inputs":{"touch":{"output":"166"}},"path":"/hand/right/input/a"},{"inputs":{"click":{"output":"167"}},"path":"/hand/right/input/b"},{"inputs":{"touch":{"output":"168"}},"path":"/hand/right/input/b"},{"inputs":{"value":{"output":"169"}},"path":"/hand/right/input/squeeze"},{"inputs":{"force":{"output":"170"}},"path":"/hand/right/input/squeeze"},{"inputs":{"click":{"output":"171"}},"path":"/hand/right/input/trigger"},{"inputs":{"value":{"output":"172"}},"path":"/hand/right/input/trigger"},{"inputs":{"touch":{"output":"173"}},"path":"/hand/right/input/trigger"},{"inputs":{"x":{"output":"174"}},"path":"/hand/right/input/thumbstick"},{"inputs":{"y":{"output":"175"}},"path":"/hand/right/input/thumbstick"},{"inputs":{"click":{"output":"176"}},"path":"/hand/right/input/thumbstick"},{"inputs":{"touch":{"output":"177"}},"path":"/hand/right/input/thumbstick"},{"inputs":{"x":{"output":"178"}},"path":"/hand/right/input/trackpad"},{"inputs":{"y":{"output":"179"}},"path":"/hand/right/input/trackpad"},{"inputs":{"force":{"output":"180"}},"path":"/hand/right/input/trackpad"},{"inputs":{"touch":{"output":"181"}},"path":"/hand/right/input/trackpad"},{"inputs":{"pose":{"output":"182"}},"path":"/hand/right/input/grip"},{"inputs":{"pose":{"output":"183"}},"path":"/hand/right/input/aim"}]}}}