{"interaction_profile":"oculus_go_controller","bindings":{"main":{"sources":[{"inputs":{"click":{"output":"94"}},"path":"/hand/left/input/system"},{"inputs":{"click":{"output":"95"}},"path":"/hand/left/input/trigger"},{"inputs":{"click":{"output":"96"}},"path":"/hand/left/input/back"},{"inputs":{"x":{"output":"97"}},"path":"/hand/left/input/trackpad"},{"inputs":{"y":{"output":"98"}},"path":"/hand/left/input/trackpad"},{"inputs":{"click":{"output":"99"}},"path":"/hand/left/input/trackpad"},{"inputs":{"touch":{"output":"100"}},"path":"/hand/left/input/trackpad"},{"inputs":{"pose":{"output":"101"}},"path":"/hand/left/input/grip"},{"inputs":{"pose":{"output":"102"}},"path":"/hand/left/input/aim"},{"inputs":{"click":{"output":"103"}},"path":"/hand/right/input/system"},{"inputs":{"click":{"output":"104"}},"path":"/hand/right/input/trigger"},{"inputs":{"click":{"output":"105"}},"path":"/hand/right/input/back"},{"inputs":{"x":{"output":"106"}},"path":"/hand/right/input/trackpad"},{"inputs":{"y":{"output":"107"}},"path":"/hand/right/input/trackpad"},{"inputs":{"click":{"output":"108"}},"path":"/hand/right/input/trackpad"},{"inputs":{"touch":{"output":"109"}},"path":"/hand/right/input/trackpad"},{"inputs":{"pose":{"output":"110"}},"path":"/hand/right/input/grip"},{"inputs":{"pose":{"output":"111"}},"path":"/hand/right/input/aim"}]}}}