{"interaction_profile":"oculus_touch_controller","bindings":{"main":{"sources":[{"inputs":{"click":{"output":"112"}},"path":"/hand/left/input/c"},{"inputs":{"touch":{"output":"113"}},"path":"/hand/left/input/c"},{"inputs":{"click":{"output":"114"}},"path":"/hand/left/input/d"},{"inputs":{"touch":{"output":"115"}},"path":"/hand/left/input/d"},{"inputs":{"click":{"output":"116"}},"path":"/hand/left/input/menu"},{"inputs":{"value":{"output":"117"}},"path":"/hand/left/input/squeeze"},{"inputs":{"value":{"output":"118"}},"path":"/hand/left/input/trigger"},{"inputs":{"touch":{"output":"119"}},"path":"/hand/left/input/trigger"},{"inputs":{"x":{"output":"120"}},"path":"/hand/left/input/thumbstick"},{"inputs":{"y":{"output":"121"}},"path":"/hand/left/input/thumbstick"},{"inputs":{"click":{"output":"122"}},"path":"/hand/left/input/thumbstick"},{"inputs":{"touch":{"output":"123"}},"path":"/hand/left/input/thumbstick"},{"inputs":{"touch":{"output":"124"}},"path":"/hand/left/input/thumbrest"},{"inputs":{"pose":{"output":"125"}},"path":"/hand/left/input/grip"},{"inputs":{"pose":{"output":"126"}},"path":"/hand/left/input/aim"},{"inputs":{"click":{"output":"127"}},"path":"/hand/right/input/a"},{"inputs":{"touch":{"output":"128"}},"path":"/hand/right/input/a"},{"inputs":{"click":{"output":"129"}},"path":"/hand/right/input/b"},{"inputs":{"touch":{"output":"130"}},"path":"/hand/right/input/b"},{"inputs":{"click":{"output":"131"}},"path":"/hand/right/input/system"},{"inputs":{"value":{"output":"132"}},"path":"/hand/right/input/squeeze"},{"inputs":{"value":{"output":"133"}},"path":"/hand/right/input/trigger"},{"inputs":{"touch":{"output":"134"}},"path":"/hand/right/input/trigger"},{"inputs":{"x":{"output":"135"}},"path":"/hand/right/input/thumbstick"},{"inputs":{"y":{"output":"136"}},"path":"/hand/right/input/thumbstick"},{"inputs":{"click":{"output":"137"}},"path":"/hand/right/input/thumbstick"},{"inputs":{"touch":{"output":"138"}},"path":"/hand/right/input/thumbstick"},{"inputs":{"touch":{"output":"139"}},"path":"/hand/right/input/thumbrest"},{"inputs":{"pose":{"output":"140"}},"path":"/hand/right/input/grip"},{"inputs":{"pose":{"output":"141"}},"path":"/hand/right/input/aim"}]}}}